[2025-11-25 21:16:58.790] [INFO ] [restartedMain] com.kit.pillgood.PillgoodApplication Starting PillgoodApplication using Java 11.0.17 on THINKBOOK16 with PID 11000 (C:\Users\lenovo\IdeaProjects\pillgood\build\classes\java\main started by lenovo in C:\Users\lenovo\IdeaProjects\pillgood)
[2025-11-25 21:16:58.797] [INFO ] [background-preinit] org.hibernate.validator.internal.util.Version HV000001: Hibernate Validator 6.2.5.Final
[2025-11-25 21:16:58.803] [INFO ] [restartedMain] com.kit.pillgood.PillgoodApplication No active profile set, falling back to 1 default profile: "default"
[2025-11-25 21:16:58.857] [INFO ] [restartedMain] org.springframework.boot.devtools.restart.ChangeableUrls The Class-Path manifest attribute in C:\Users\lenovo\.gradle\caches\modules-2\files-2.1\io.grpc\grpc-netty-shaded\1.39.0\de29a0879a702fc527e3dd8c9af2f4f92b5a7738\grpc-netty-shaded-1.39.0.jar referenced one or more files that do not exist: file:/C:/Users/lenovo/.gradle/caches/modules-2/files-2.1/io.grpc/grpc-netty-shaded/1.39.0/de29a0879a702fc527e3dd8c9af2f4f92b5a7738/grpc-core-1.39.0.jar,file:/C:/Users/lenovo/.gradle/caches/modules-2/files-2.1/io.grpc/grpc-netty-shaded/1.39.0/de29a0879a702fc527e3dd8c9af2f4f92b5a7738/grpc-api-1.39.0.jar,file:/C:/Users/lenovo/.gradle/caches/modules-2/files-2.1/io.grpc/grpc-netty-shaded/1.39.0/de29a0879a702fc527e3dd8c9af2f4f92b5a7738/guava-30.1-android.jar,file:/C:/Users/lenovo/.gradle/caches/modules-2/files-2.1/io.grpc/grpc-netty-shaded/1.39.0/de29a0879a702fc527e3dd8c9af2f4f92b5a7738/error_prone_annotations-2.4.0.jar,file:/C:/Users/lenovo/.gradle/caches/modules-2/files-2.1/io.grpc/grpc-netty-shaded/1.39.0/de29a0879a702fc527e3dd8c9af2f4f92b5a7738/perfmark-api-0.23.0.jar,file:/C:/Users/lenovo/.gradle/caches/modules-2/files-2.1/io.grpc/grpc-netty-shaded/1.39.0/de29a0879a702fc527e3dd8c9af2f4f92b5a7738/failureaccess-1.0.1.jar,file:/C:/Users/lenovo/.gradle/caches/modules-2/files-2.1/io.grpc/grpc-netty-shaded/1.39.0/de29a0879a702fc527e3dd8c9af2f4f92b5a7738/listenablefuture-9999.0-empty-to-avoid-conflict-with-guava.jar,file:/C:/Users/lenovo/.gradle/caches/modules-2/files-2.1/io.grpc/grpc-netty-shaded/1.39.0/de29a0879a702fc527e3dd8c9af2f4f92b5a7738/jsr305-3.0.2.jar,file:/C:/Users/lenovo/.gradle/caches/modules-2/files-2.1/io.grpc/grpc-netty-shaded/1.39.0/de29a0879a702fc527e3dd8c9af2f4f92b5a7738/checker-compat-qual-2.5.5.jar,file:/C:/Users/lenovo/.gradle/caches/modules-2/files-2.1/io.grpc/grpc-netty-shaded/1.39.0/de29a0879a702fc527e3dd8c9af2f4f92b5a7738/j2objc-annotations-1.3.jar,file:/C:/Users/lenovo/.gradle/caches/modules-2/files-2.1/io.grpc/grpc-netty-shaded/1.39.0/de29a0879a702fc527e3dd8c9af2f4f92b5a7738/gson-2.8.6.jar,file:/C:/Users/lenovo/.gradle/caches/modules-2/files-2.1/io.grpc/grpc-netty-shaded/1.39.0/de29a0879a702fc527e3dd8c9af2f4f92b5a7738/annotations-4.1.1.4.jar,file:/C:/Users/lenovo/.gradle/caches/modules-2/files-2.1/io.grpc/grpc-netty-shaded/1.39.0/de29a0879a702fc527e3dd8c9af2f4f92b5a7738/animal-sniffer-annotations-1.19.jar,file:/C:/Users/lenovo/.gradle/caches/modules-2/files-2.1/io.grpc/grpc-netty-shaded/1.39.0/de29a0879a702fc527e3dd8c9af2f4f92b5a7738/grpc-context-1.39.0.jar
[2025-11-25 21:16:58.858] [INFO ] [restartedMain] org.springframework.boot.devtools.restart.ChangeableUrls The Class-Path manifest attribute in C:\Users\lenovo\.gradle\caches\modules-2\files-2.1\io.grpc\grpc-alts\1.39.0\7cfb9a940b68812e5449f867e27728668130bedb\grpc-alts-1.39.0.jar referenced one or more files that do not exist: file:/C:/Users/lenovo/.gradle/caches/modules-2/files-2.1/io.grpc/grpc-alts/1.39.0/7cfb9a940b68812e5449f867e27728668130bedb/grpc-auth-1.39.0.jar,file:/C:/Users/lenovo/.gradle/caches/modules-2/files-2.1/io.grpc/grpc-alts/1.39.0/7cfb9a940b68812e5449f867e27728668130bedb/grpc-grpclb-1.39.0.jar,file:/C:/Users/lenovo/.gradle/caches/modules-2/files-2.1/io.grpc/grpc-alts/1.39.0/7cfb9a940b68812e5449f867e27728668130bedb/grpc-protobuf-1.39.0.jar,file:/C:/Users/lenovo/.gradle/caches/modules-2/files-2.1/io.grpc/grpc-alts/1.39.0/7cfb9a940b68812e5449f867e27728668130bedb/grpc-stub-1.39.0.jar,file:/C:/Users/lenovo/.gradle/caches/modules-2/files-2.1/io.grpc/grpc-alts/1.39.0/7cfb9a940b68812e5449f867e27728668130bedb/protobuf-java-util-3.17.2.jar,file:/C:/Users/lenovo/.gradle/caches/modules-2/files-2.1/io.grpc/grpc-alts/1.39.0/7cfb9a940b68812e5449f867e27728668130bedb/proto-google-common-protos-2.0.1.jar,file:/C:/Users/lenovo/.gradle/caches/modules-2/files-2.1/io.grpc/grpc-alts/1.39.0/7cfb9a940b68812e5449f867e27728668130bedb/protobuf-java-3.17.2.jar,file:/C:/Users/lenovo/.gradle/caches/modules-2/files-2.1/io.grpc/grpc-alts/1.39.0/7cfb9a940b68812e5449f867e27728668130bedb/conscrypt-openjdk-uber-2.5.1.jar,file:/C:/Users/lenovo/.gradle/caches/modules-2/files-2.1/io.grpc/grpc-alts/1.39.0/7cfb9a940b68812e5449f867e27728668130bedb/google-auth-library-oauth2-http-0.22.2.jar,file:/C:/Users/lenovo/.gradle/caches/modules-2/files-2.1/io.grpc/grpc-alts/1.39.0/7cfb9a940b68812e5449f867e27728668130bedb/grpc-netty-shaded-1.39.0.jar,file:/C:/Users/lenovo/.gradle/caches/modules-2/files-2.1/io.grpc/grpc-alts/1.39.0/7cfb9a940b68812e5449f867e27728668130bedb/grpc-core-1.39.0.jar,file:/C:/Users/lenovo/.gradle/caches/modules-2/files-2.1/io.grpc/grpc-alts/1.39.0/7cfb9a940b68812e5449f867e27728668130bedb/grpc-protobuf-lite-1.39.0.jar,file:/C:/Users/lenovo/.gradle/caches/modules-2/files-2.1/io.grpc/grpc-alts/1.39.0/7cfb9a940b68812e5449f867e27728668130bedb/grpc-api-1.39.0.jar,file:/C:/Users/lenovo/.gradle/caches/modules-2/files-2.1/io.grpc/grpc-alts/1.39.0/7cfb9a940b68812e5449f867e27728668130bedb/google-http-client-jackson2-1.38.0.jar,file:/C:/Users/lenovo/.gradle/caches/modules-2/files-2.1/io.grpc/grpc-alts/1.39.0/7cfb9a940b68812e5449f867e27728668130bedb/google-http-client-1.38.0.jar,file:/C:/Users/lenovo/.gradle/caches/modules-2/files-2.1/io.grpc/grpc-alts/1.39.0/7cfb9a940b68812e5449f867e27728668130bedb/opencensus-contrib-http-util-0.24.0.jar,file:/C:/Users/lenovo/.gradle/caches/modules-2/files-2.1/io.grpc/grpc-alts/1.39.0/7cfb9a940b68812e5449f867e27728668130bedb/guava-30.1-android.jar,file:/C:/Users/lenovo/.gradle/caches/modules-2/files-2.1/io.grpc/grpc-alts/1.39.0/7cfb9a940b68812e5449f867e27728668130bedb/google-auth-library-credentials-0.22.2.jar,file:/C:/Users/lenovo/.gradle/caches/modules-2/files-2.1/io.grpc/grpc-alts/1.39.0/7cfb9a940b68812e5449f867e27728668130bedb/error_prone_annotations-2.4.0.jar,file:/C:/Users/lenovo/.gradle/caches/modules-2/files-2.1/io.grpc/grpc-alts/1.39.0/7cfb9a940b68812e5449f867e27728668130bedb/jsr305-3.0.2.jar,file:/C:/Users/lenovo/.gradle/caches/modules-2/files-2.1/io.grpc/grpc-alts/1.39.0/7cfb9a940b68812e5449f867e27728668130bedb/failureaccess-1.0.1.jar,file:/C:/Users/lenovo/.gradle/caches/modules-2/files-2.1/io.grpc/grpc-alts/1.39.0/7cfb9a940b68812e5449f867e27728668130bedb/listenablefuture-9999.0-empty-to-avoid-conflict-with-guava.jar,file:/C:/Users/lenovo/.gradle/caches/modules-2/files-2.1/io.grpc/grpc-alts/1.39.0/7cfb9a940b68812e5449f867e27728668130bedb/checker-compat-qual-2.5.5.jar,file:/C:/Users/lenovo/.gradle/caches/modules-2/files-2.1/io.grpc/grpc-alts/1.39.0/7cfb9a940b68812e5449f867e27728668130bedb/j2objc-annotations-1.3.jar,file:/C:/Users/lenovo/.gradle/caches/modules-2/files-2.1/io.grpc/grpc-alts/1.39.0/7cfb9a940b68812e5449f867e27728668130bedb/auto-value-annotations-1.7.4.jar,file:/C:/Users/lenovo/.gradle/caches/modules-2/files-2.1/io.grpc/grpc-alts/1.39.0/7cfb9a940b68812e5449f867e27728668130bedb/perfmark-api-0.23.0.jar,file:/C:/Users/lenovo/.gradle/caches/modules-2/files-2.1/io.grpc/grpc-alts/1.39.0/7cfb9a940b68812e5449f867e27728668130bedb/opencensus-api-0.24.0.jar,file:/C:/Users/lenovo/.gradle/caches/modules-2/files-2.1/io.grpc/grpc-alts/1.39.0/7cfb9a940b68812e5449f867e27728668130bedb/grpc-context-1.39.0.jar,file:/C:/Users/lenovo/.gradle/caches/modules-2/files-2.1/io.grpc/grpc-alts/1.39.0/7cfb9a940b68812e5449f867e27728668130bedb/gson-2.8.6.jar,file:/C:/Users/lenovo/.gradle/caches/modules-2/files-2.1/io.grpc/grpc-alts/1.39.0/7cfb9a940b68812e5449f867e27728668130bedb/annotations-4.1.1.4.jar,file:/C:/Users/lenovo/.gradle/caches/modules-2/files-2.1/io.grpc/grpc-alts/1.39.0/7cfb9a940b68812e5449f867e27728668130bedb/animal-sniffer-annotations-1.19.jar,file:/C:/Users/lenovo/.gradle/caches/modules-2/files-2.1/io.grpc/grpc-alts/1.39.0/7cfb9a940b68812e5449f867e27728668130bedb/httpclient-4.5.13.jar,file:/C:/Users/lenovo/.gradle/caches/modules-2/files-2.1/io.grpc/grpc-alts/1.39.0/7cfb9a940b68812e5449f867e27728668130bedb/httpcore-4.4.13.jar,file:/C:/Users/lenovo/.gradle/caches/modules-2/files-2.1/io.grpc/grpc-alts/1.39.0/7cfb9a940b68812e5449f867e27728668130bedb/jackson-core-2.11.3.jar,file:/C:/Users/lenovo/.gradle/caches/modules-2/files-2.1/io.grpc/grpc-alts/1.39.0/7cfb9a940b68812e5449f867e27728668130bedb/commons-logging-1.2.jar,file:/C:/Users/lenovo/.gradle/caches/modules-2/files-2.1/io.grpc/grpc-alts/1.39.0/7cfb9a940b68812e5449f867e27728668130bedb/commons-codec-1.11.jar
[2025-11-25 21:16:58.859] [INFO ] [restartedMain] org.springframework.boot.devtools.env.DevToolsPropertyDefaultsPostProcessor Devtools property defaults active! Set 'spring.devtools.add-properties' to 'false' to disable
[2025-11-25 21:16:58.859] [INFO ] [restartedMain] org.springframework.boot.devtools.env.DevToolsPropertyDefaultsPostProcessor For additional web related logging consider setting the 'logging.level.web' property to 'DEBUG'
[2025-11-25 21:16:59.994] [INFO ] [restartedMain] org.springframework.data.repository.config.RepositoryConfigurationDelegate Bootstrapping Spring Data JPA repositories in DEFAULT mode.
[2025-11-25 21:17:00.120] [INFO ] [restartedMain] org.springframework.data.repository.config.RepositoryConfigurationDelegate Finished Spring Data repository scanning in 116 ms. Found 8 JPA repository interfaces.
[2025-11-25 21:17:00.888] [INFO ] [restartedMain] org.springframework.boot.web.embedded.tomcat.TomcatWebServer Tomcat initialized with port(s): 8080 (http)
[2025-11-25 21:17:00.901] [INFO ] [restartedMain] org.apache.coyote.http11.Http11NioProtocol Initializing ProtocolHandler ["http-nio-8080"]
[2025-11-25 21:17:00.901] [INFO ] [restartedMain] org.apache.catalina.core.StandardService Starting service [Tomcat]
[2025-11-25 21:17:00.902] [INFO ] [restartedMain] org.apache.catalina.core.StandardEngine Starting Servlet engine: [Apache Tomcat/9.0.73]
[2025-11-25 21:17:01.056] [INFO ] [restartedMain] org.apache.catalina.core.ContainerBase.[Tomcat].[localhost].[/] Initializing Spring embedded WebApplicationContext
[2025-11-25 21:17:01.056] [INFO ] [restartedMain] org.springframework.boot.web.servlet.context.ServletWebServerApplicationContext Root WebApplicationContext: initialization completed in 2197 ms
[2025-11-25 21:17:01.217] [INFO ] [restartedMain] org.hibernate.jpa.internal.util.LogHelper HHH000204: Processing PersistenceUnitInfo [name: default]
[2025-11-25 21:17:01.278] [INFO ] [restartedMain] org.hibernate.Version HHH000412: Hibernate ORM core version 5.6.15.Final
[2025-11-25 21:17:01.447] [INFO ] [restartedMain] org.hibernate.annotations.common.Version HCANN000001: Hibernate Commons Annotations {5.1.2.Final}
[2025-11-25 21:17:01.576] [INFO ] [restartedMain] com.zaxxer.hikari.HikariDataSource HikariPool-1 - Starting...
[2025-11-25 21:17:02.680] [ERROR] [restartedMain] com.zaxxer.hikari.pool.HikariPool HikariPool-1 - Exception during pool initialization.
com.mysql.cj.jdbc.exceptions.CommunicationsException: Communications link failure

The last packet sent successfully to the server was 0 milliseconds ago. The driver has not received any packets from the server.
	at com.mysql.cj.jdbc.exceptions.SQLError.createCommunicationsException(SQLError.java:174)
	at com.mysql.cj.jdbc.exceptions.SQLExceptionsMapping.translateException(SQLExceptionsMapping.java:64)
	at com.mysql.cj.jdbc.ConnectionImpl.createNewIO(ConnectionImpl.java:824)
	at com.mysql.cj.jdbc.ConnectionImpl.<init>(ConnectionImpl.java:444)
	at com.mysql.cj.jdbc.ConnectionImpl.getInstance(ConnectionImpl.java:237)
	at com.mysql.cj.jdbc.NonRegisteringDriver.connect(NonRegisteringDriver.java:198)
	at com.zaxxer.hikari.util.DriverDataSource.getConnection(DriverDataSource.java:138)
	at com.zaxxer.hikari.pool.PoolBase.newConnection(PoolBase.java:364)
	at com.zaxxer.hikari.pool.PoolBase.newPoolEntry(PoolBase.java:206)
	at com.zaxxer.hikari.pool.HikariPool.createPoolEntry(HikariPool.java:476)
	at com.zaxxer.hikari.pool.HikariPool.checkFailFast(HikariPool.java:561)
	at com.zaxxer.hikari.pool.HikariPool.<init>(HikariPool.java:115)
	at com.zaxxer.hikari.HikariDataSource.getConnection(HikariDataSource.java:112)
	at org.hibernate.engine.jdbc.connections.internal.DatasourceConnectionProviderImpl.getConnection(DatasourceConnectionProviderImpl.java:122)
	at org.hibernate.engine.jdbc.env.internal.JdbcEnvironmentInitiator$ConnectionProviderJdbcConnectionAccess.obtainConnection(JdbcEnvironmentInitiator.java:181)
	at org.hibernate.engine.jdbc.env.internal.JdbcEnvironmentInitiator.initiateService(JdbcEnvironmentInitiator.java:68)
	at org.hibernate.engine.jdbc.env.internal.JdbcEnvironmentInitiator.initiateService(JdbcEnvironmentInitiator.java:35)
	at org.hibernate.boot.registry.internal.StandardServiceRegistryImpl.initiateService(StandardServiceRegistryImpl.java:101)
	at org.hibernate.service.internal.AbstractServiceRegistryImpl.createService(AbstractServiceRegistryImpl.java:272)
	at org.hibernate.service.internal.AbstractServiceRegistryImpl.initializeService(AbstractServiceRegistryImpl.java:246)
	at org.hibernate.service.internal.AbstractServiceRegistryImpl.getService(AbstractServiceRegistryImpl.java:223)
	at org.hibernate.id.factory.internal.DefaultIdentifierGeneratorFactory.injectServices(DefaultIdentifierGeneratorFactory.java:175)
	at org.hibernate.service.internal.AbstractServiceRegistryImpl.injectDependencies(AbstractServiceRegistryImpl.java:295)
	at org.hibernate.service.internal.AbstractServiceRegistryImpl.initializeService(AbstractServiceRegistryImpl.java:252)
	at org.hibernate.service.internal.AbstractServiceRegistryImpl.getService(AbstractServiceRegistryImpl.java:223)
	at org.hibernate.boot.internal.InFlightMetadataCollectorImpl.<init>(InFlightMetadataCollectorImpl.java:173)
	at org.hibernate.boot.model.process.spi.MetadataBuildingProcess.complete(MetadataBuildingProcess.java:127)
	at org.hibernate.jpa.boot.internal.EntityManagerFactoryBuilderImpl.metadata(EntityManagerFactoryBuilderImpl.java:1460)
	at org.hibernate.jpa.boot.internal.EntityManagerFactoryBuilderImpl.build(EntityManagerFactoryBuilderImpl.java:1494)
	at org.springframework.orm.jpa.vendor.SpringHibernateJpaPersistenceProvider.createContainerEntityManagerFactory(SpringHibernateJpaPersistenceProvider.java:58)
	at org.springframework.orm.jpa.LocalContainerEntityManagerFactoryBean.createNativeEntityManagerFactory(LocalContainerEntityManagerFactoryBean.java:365)
	at org.springframework.orm.jpa.AbstractEntityManagerFactoryBean.buildNativeEntityManagerFactory(AbstractEntityManagerFactoryBean.java:409)
	at org.springframework.orm.jpa.AbstractEntityManagerFactoryBean.afterPropertiesSet(AbstractEntityManagerFactoryBean.java:396)
	at org.springframework.orm.jpa.LocalContainerEntityManagerFactoryBean.afterPropertiesSet(LocalContainerEntityManagerFactoryBean.java:341)
	at org.springframework.beans.factory.support.AbstractAutowireCapableBeanFactory.invokeInitMethods(AbstractAutowireCapableBeanFactory.java:1863)
	at org.springframework.beans.factory.support.AbstractAutowireCapableBeanFactory.initializeBean(AbstractAutowireCapableBeanFactory.java:1800)
	at org.springframework.beans.factory.support.AbstractAutowireCapableBeanFactory.doCreateBean(AbstractAutowireCapableBeanFactory.java:620)
	at org.springframework.beans.factory.support.AbstractAutowireCapableBeanFactory.createBean(AbstractAutowireCapableBeanFactory.java:542)
	at org.springframework.beans.factory.support.AbstractBeanFactory.lambda$doGetBean$0(AbstractBeanFactory.java:335)
	at org.springframework.beans.factory.support.DefaultSingletonBeanRegistry.getSingleton(DefaultSingletonBeanRegistry.java:234)
	at org.springframework.beans.factory.support.AbstractBeanFactory.doGetBean(AbstractBeanFactory.java:333)
	at org.springframework.beans.factory.support.AbstractBeanFactory.getBean(AbstractBeanFactory.java:208)
	at org.springframework.context.support.AbstractApplicationContext.getBean(AbstractApplicationContext.java:1156)
	at org.springframework.context.support.AbstractApplicationContext.finishBeanFactoryInitialization(AbstractApplicationContext.java:910)
	at org.springframework.context.support.AbstractApplicationContext.refresh(AbstractApplicationContext.java:583)
	at org.springframework.boot.web.servlet.context.ServletWebServerApplicationContext.refresh(ServletWebServerApplicationContext.java:147)
	at org.springframework.boot.SpringApplication.refresh(SpringApplication.java:731)
	at org.springframework.boot.SpringApplication.refreshContext(SpringApplication.java:408)
	at org.springframework.boot.SpringApplication.run(SpringApplication.java:307)
	at org.springframework.boot.SpringApplication.run(SpringApplication.java:1303)
	at org.springframework.boot.SpringApplication.run(SpringApplication.java:1292)
	at com.kit.pillgood.PillgoodApplication.main(PillgoodApplication.java:11)
	at java.base/jdk.internal.reflect.NativeMethodAccessorImpl.invoke0(Native Method)
	at java.base/jdk.internal.reflect.NativeMethodAccessorImpl.invoke(NativeMethodAccessorImpl.java:62)
	at java.base/jdk.internal.reflect.DelegatingMethodAccessorImpl.invoke(DelegatingMethodAccessorImpl.java:43)
	at java.base/java.lang.reflect.Method.invoke(Method.java:566)
	at org.springframework.boot.devtools.restart.RestartLauncher.run(RestartLauncher.java:49)
Caused by: com.mysql.cj.exceptions.CJCommunicationsException: Communications link failure

The last packet sent successfully to the server was 0 milliseconds ago. The driver has not received any packets from the server.
	at java.base/jdk.internal.reflect.NativeConstructorAccessorImpl.newInstance0(Native Method)
	at java.base/jdk.internal.reflect.NativeConstructorAccessorImpl.newInstance(NativeConstructorAccessorImpl.java:62)
	at java.base/jdk.internal.reflect.DelegatingConstructorAccessorImpl.newInstance(DelegatingConstructorAccessorImpl.java:45)
	at java.base/java.lang.reflect.Constructor.newInstance(Constructor.java:490)
	at com.mysql.cj.exceptions.ExceptionFactory.createException(ExceptionFactory.java:61)
	at com.mysql.cj.exceptions.ExceptionFactory.createException(ExceptionFactory.java:105)
	at com.mysql.cj.exceptions.ExceptionFactory.createException(ExceptionFactory.java:151)
	at com.mysql.cj.exceptions.ExceptionFactory.createCommunicationsException(ExceptionFactory.java:167)
	at com.mysql.cj.protocol.a.NativeSocketConnection.connect(NativeSocketConnection.java:89)
	at com.mysql.cj.NativeSession.connect(NativeSession.java:120)
	at com.mysql.cj.jdbc.ConnectionImpl.connectOneTryOnly(ConnectionImpl.java:944)
	at com.mysql.cj.jdbc.ConnectionImpl.createNewIO(ConnectionImpl.java:814)
	... 54 common frames omitted
Caused by: java.net.ConnectException: Connection refused: connect
	at java.base/java.net.PlainSocketImpl.waitForConnect(Native Method)
	at java.base/java.net.PlainSocketImpl.socketConnect(PlainSocketImpl.java:107)
	at java.base/java.net.AbstractPlainSocketImpl.doConnect(AbstractPlainSocketImpl.java:412)
	at java.base/java.net.AbstractPlainSocketImpl.connectToAddress(AbstractPlainSocketImpl.java:255)
	at java.base/java.net.AbstractPlainSocketImpl.connect(AbstractPlainSocketImpl.java:237)
	at java.base/java.net.SocksSocketImpl.connect(SocksSocketImpl.java:392)
	at java.base/java.net.Socket.connect(Socket.java:608)
	at com.mysql.cj.protocol.StandardSocketFactory.connect(StandardSocketFactory.java:153)
	at com.mysql.cj.protocol.a.NativeSocketConnection.connect(NativeSocketConnection.java:63)
	... 57 common frames omitted
[2025-11-25 21:17:02.681] [WARN ] [restartedMain] org.hibernate.engine.jdbc.env.internal.JdbcEnvironmentInitiator HHH000342: Could not obtain connection to query metadata
com.mysql.cj.jdbc.exceptions.CommunicationsException: Communications link failure

The last packet sent successfully to the server was 0 milliseconds ago. The driver has not received any packets from the server.
	at com.mysql.cj.jdbc.exceptions.SQLError.createCommunicationsException(SQLError.java:174)
	at com.mysql.cj.jdbc.exceptions.SQLExceptionsMapping.translateException(SQLExceptionsMapping.java:64)
	at com.mysql.cj.jdbc.ConnectionImpl.createNewIO(ConnectionImpl.java:824)
	at com.mysql.cj.jdbc.ConnectionImpl.<init>(ConnectionImpl.java:444)
	at com.mysql.cj.jdbc.ConnectionImpl.getInstance(ConnectionImpl.java:237)
	at com.mysql.cj.jdbc.NonRegisteringDriver.connect(NonRegisteringDriver.java:198)
	at com.zaxxer.hikari.util.DriverDataSource.getConnection(DriverDataSource.java:138)
	at com.zaxxer.hikari.pool.PoolBase.newConnection(PoolBase.java:364)
	at com.zaxxer.hikari.pool.PoolBase.newPoolEntry(PoolBase.java:206)
	at com.zaxxer.hikari.pool.HikariPool.createPoolEntry(HikariPool.java:476)
	at com.zaxxer.hikari.pool.HikariPool.checkFailFast(HikariPool.java:561)
	at com.zaxxer.hikari.pool.HikariPool.<init>(HikariPool.java:115)
	at com.zaxxer.hikari.HikariDataSource.getConnection(HikariDataSource.java:112)
	at org.hibernate.engine.jdbc.connections.internal.DatasourceConnectionProviderImpl.getConnection(DatasourceConnectionProviderImpl.java:122)
	at org.hibernate.engine.jdbc.env.internal.JdbcEnvironmentInitiator$ConnectionProviderJdbcConnectionAccess.obtainConnection(JdbcEnvironmentInitiator.java:181)
	at org.hibernate.engine.jdbc.env.internal.JdbcEnvironmentInitiator.initiateService(JdbcEnvironmentInitiator.java:68)
	at org.hibernate.engine.jdbc.env.internal.JdbcEnvironmentInitiator.initiateService(JdbcEnvironmentInitiator.java:35)
	at org.hibernate.boot.registry.internal.StandardServiceRegistryImpl.initiateService(StandardServiceRegistryImpl.java:101)
	at org.hibernate.service.internal.AbstractServiceRegistryImpl.createService(AbstractServiceRegistryImpl.java:272)
	at org.hibernate.service.internal.AbstractServiceRegistryImpl.initializeService(AbstractServiceRegistryImpl.java:246)
	at org.hibernate.service.internal.AbstractServiceRegistryImpl.getService(AbstractServiceRegistryImpl.java:223)
	at org.hibernate.id.factory.internal.DefaultIdentifierGeneratorFactory.injectServices(DefaultIdentifierGeneratorFactory.java:175)
	at org.hibernate.service.internal.AbstractServiceRegistryImpl.injectDependencies(AbstractServiceRegistryImpl.java:295)
	at org.hibernate.service.internal.AbstractServiceRegistryImpl.initializeService(AbstractServiceRegistryImpl.java:252)
	at org.hibernate.service.internal.AbstractServiceRegistryImpl.getService(AbstractServiceRegistryImpl.java:223)
	at org.hibernate.boot.internal.InFlightMetadataCollectorImpl.<init>(InFlightMetadataCollectorImpl.java:173)
	at org.hibernate.boot.model.process.spi.MetadataBuildingProcess.complete(MetadataBuildingProcess.java:127)
	at org.hibernate.jpa.boot.internal.EntityManagerFactoryBuilderImpl.metadata(EntityManagerFactoryBuilderImpl.java:1460)
	at org.hibernate.jpa.boot.internal.EntityManagerFactoryBuilderImpl.build(EntityManagerFactoryBuilderImpl.java:1494)
	at org.springframework.orm.jpa.vendor.SpringHibernateJpaPersistenceProvider.createContainerEntityManagerFactory(SpringHibernateJpaPersistenceProvider.java:58)
	at org.springframework.orm.jpa.LocalContainerEntityManagerFactoryBean.createNativeEntityManagerFactory(LocalContainerEntityManagerFactoryBean.java:365)
	at org.springframework.orm.jpa.AbstractEntityManagerFactoryBean.buildNativeEntityManagerFactory(AbstractEntityManagerFactoryBean.java:409)
	at org.springframework.orm.jpa.AbstractEntityManagerFactoryBean.afterPropertiesSet(AbstractEntityManagerFactoryBean.java:396)
	at org.springframework.orm.jpa.LocalContainerEntityManagerFactoryBean.afterPropertiesSet(LocalContainerEntityManagerFactoryBean.java:341)
	at org.springframework.beans.factory.support.AbstractAutowireCapableBeanFactory.invokeInitMethods(AbstractAutowireCapableBeanFactory.java:1863)
	at org.springframework.beans.factory.support.AbstractAutowireCapableBeanFactory.initializeBean(AbstractAutowireCapableBeanFactory.java:1800)
	at org.springframework.beans.factory.support.AbstractAutowireCapableBeanFactory.doCreateBean(AbstractAutowireCapableBeanFactory.java:620)
	at org.springframework.beans.factory.support.AbstractAutowireCapableBeanFactory.createBean(AbstractAutowireCapableBeanFactory.java:542)
	at org.springframework.beans.factory.support.AbstractBeanFactory.lambda$doGetBean$0(AbstractBeanFactory.java:335)
	at org.springframework.beans.factory.support.DefaultSingletonBeanRegistry.getSingleton(DefaultSingletonBeanRegistry.java:234)
	at org.springframework.beans.factory.support.AbstractBeanFactory.doGetBean(AbstractBeanFactory.java:333)
	at org.springframework.beans.factory.support.AbstractBeanFactory.getBean(AbstractBeanFactory.java:208)
	at org.springframework.context.support.AbstractApplicationContext.getBean(AbstractApplicationContext.java:1156)
	at org.springframework.context.support.AbstractApplicationContext.finishBeanFactoryInitialization(AbstractApplicationContext.java:910)
	at org.springframework.context.support.AbstractApplicationContext.refresh(AbstractApplicationContext.java:583)
	at org.springframework.boot.web.servlet.context.ServletWebServerApplicationContext.refresh(ServletWebServerApplicationContext.java:147)
	at org.springframework.boot.SpringApplication.refresh(SpringApplication.java:731)
	at org.springframework.boot.SpringApplication.refreshContext(SpringApplication.java:408)
	at org.springframework.boot.SpringApplication.run(SpringApplication.java:307)
	at org.springframework.boot.SpringApplication.run(SpringApplication.java:1303)
	at org.springframework.boot.SpringApplication.run(SpringApplication.java:1292)
	at com.kit.pillgood.PillgoodApplication.main(PillgoodApplication.java:11)
	at java.base/jdk.internal.reflect.NativeMethodAccessorImpl.invoke0(Native Method)
	at java.base/jdk.internal.reflect.NativeMethodAccessorImpl.invoke(NativeMethodAccessorImpl.java:62)
	at java.base/jdk.internal.reflect.DelegatingMethodAccessorImpl.invoke(DelegatingMethodAccessorImpl.java:43)
	at java.base/java.lang.reflect.Method.invoke(Method.java:566)
	at org.springframework.boot.devtools.restart.RestartLauncher.run(RestartLauncher.java:49)
Caused by: com.mysql.cj.exceptions.CJCommunicationsException: Communications link failure

The last packet sent successfully to the server was 0 milliseconds ago. The driver has not received any packets from the server.
	at java.base/jdk.internal.reflect.NativeConstructorAccessorImpl.newInstance0(Native Method)
	at java.base/jdk.internal.reflect.NativeConstructorAccessorImpl.newInstance(NativeConstructorAccessorImpl.java:62)
	at java.base/jdk.internal.reflect.DelegatingConstructorAccessorImpl.newInstance(DelegatingConstructorAccessorImpl.java:45)
	at java.base/java.lang.reflect.Constructor.newInstance(Constructor.java:490)
	at com.mysql.cj.exceptions.ExceptionFactory.createException(ExceptionFactory.java:61)
	at com.mysql.cj.exceptions.ExceptionFactory.createException(ExceptionFactory.java:105)
	at com.mysql.cj.exceptions.ExceptionFactory.createException(ExceptionFactory.java:151)
	at com.mysql.cj.exceptions.ExceptionFactory.createCommunicationsException(ExceptionFactory.java:167)
	at com.mysql.cj.protocol.a.NativeSocketConnection.connect(NativeSocketConnection.java:89)
	at com.mysql.cj.NativeSession.connect(NativeSession.java:120)
	at com.mysql.cj.jdbc.ConnectionImpl.connectOneTryOnly(ConnectionImpl.java:944)
	at com.mysql.cj.jdbc.ConnectionImpl.createNewIO(ConnectionImpl.java:814)
	... 54 common frames omitted
Caused by: java.net.ConnectException: Connection refused: connect
	at java.base/java.net.PlainSocketImpl.waitForConnect(Native Method)
	at java.base/java.net.PlainSocketImpl.socketConnect(PlainSocketImpl.java:107)
	at java.base/java.net.AbstractPlainSocketImpl.doConnect(AbstractPlainSocketImpl.java:412)
	at java.base/java.net.AbstractPlainSocketImpl.connectToAddress(AbstractPlainSocketImpl.java:255)
	at java.base/java.net.AbstractPlainSocketImpl.connect(AbstractPlainSocketImpl.java:237)
	at java.base/java.net.SocksSocketImpl.connect(SocksSocketImpl.java:392)
	at java.base/java.net.Socket.connect(Socket.java:608)
	at com.mysql.cj.protocol.StandardSocketFactory.connect(StandardSocketFactory.java:153)
	at com.mysql.cj.protocol.a.NativeSocketConnection.connect(NativeSocketConnection.java:63)
	... 57 common frames omitted
[2025-11-25 21:17:02.682] [ERROR] [restartedMain] org.springframework.orm.jpa.LocalContainerEntityManagerFactoryBean Failed to initialize JPA EntityManagerFactory: Unable to create requested service [org.hibernate.engine.jdbc.env.spi.JdbcEnvironment]
[2025-11-25 21:17:02.684] [WARN ] [restartedMain] org.springframework.boot.web.servlet.context.AnnotationConfigServletWebServerApplicationContext Exception encountered during context initialization - cancelling refresh attempt: org.springframework.beans.factory.BeanCreationException: Error creating bean with name 'entityManagerFactory' defined in class path resource [org/springframework/boot/autoconfigure/orm/jpa/HibernateJpaConfiguration.class]: Invocation of init method failed; nested exception is org.hibernate.service.spi.ServiceException: Unable to create requested service [org.hibernate.engine.jdbc.env.spi.JdbcEnvironment]
[2025-11-25 21:17:02.687] [INFO ] [restartedMain] org.apache.catalina.core.StandardService Stopping service [Tomcat]
[2025-11-25 21:17:02.699] [INFO ] [restartedMain] org.springframework.boot.autoconfigure.logging.ConditionEvaluationReportLoggingListener 

Error starting ApplicationContext. To display the conditions report re-run your application with 'debug' enabled.
[2025-11-25 21:17:02.728] [ERROR] [restartedMain] org.springframework.boot.SpringApplication Application run failed
org.springframework.beans.factory.BeanCreationException: Error creating bean with name 'entityManagerFactory' defined in class path resource [org/springframework/boot/autoconfigure/orm/jpa/HibernateJpaConfiguration.class]: Invocation of init method failed; nested exception is org.hibernate.service.spi.ServiceException: Unable to create requested service [org.hibernate.engine.jdbc.env.spi.JdbcEnvironment]
	at org.springframework.beans.factory.support.AbstractAutowireCapableBeanFactory.initializeBean(AbstractAutowireCapableBeanFactory.java:1804)
	at org.springframework.beans.factory.support.AbstractAutowireCapableBeanFactory.doCreateBean(AbstractAutowireCapableBeanFactory.java:620)
	at org.springframework.beans.factory.support.AbstractAutowireCapableBeanFactory.createBean(AbstractAutowireCapableBeanFactory.java:542)
	at org.springframework.beans.factory.support.AbstractBeanFactory.lambda$doGetBean$0(AbstractBeanFactory.java:335)
	at org.springframework.beans.factory.support.DefaultSingletonBeanRegistry.getSingleton(DefaultSingletonBeanRegistry.java:234)
	at org.springframework.beans.factory.support.AbstractBeanFactory.doGetBean(AbstractBeanFactory.java:333)
	at org.springframework.beans.factory.support.AbstractBeanFactory.getBean(AbstractBeanFactory.java:208)
	at org.springframework.context.support.AbstractApplicationContext.getBean(AbstractApplicationContext.java:1156)
	at org.springframework.context.support.AbstractApplicationContext.finishBeanFactoryInitialization(AbstractApplicationContext.java:910)
	at org.springframework.context.support.AbstractApplicationContext.refresh(AbstractApplicationContext.java:583)
	at org.springframework.boot.web.servlet.context.ServletWebServerApplicationContext.refresh(ServletWebServerApplicationContext.java:147)
	at org.springframework.boot.SpringApplication.refresh(SpringApplication.java:731)
	at org.springframework.boot.SpringApplication.refreshContext(SpringApplication.java:408)
	at org.springframework.boot.SpringApplication.run(SpringApplication.java:307)
	at org.springframework.boot.SpringApplication.run(SpringApplication.java:1303)
	at org.springframework.boot.SpringApplication.run(SpringApplication.java:1292)
	at com.kit.pillgood.PillgoodApplication.main(PillgoodApplication.java:11)
	at java.base/jdk.internal.reflect.NativeMethodAccessorImpl.invoke0(Native Method)
	at java.base/jdk.internal.reflect.NativeMethodAccessorImpl.invoke(NativeMethodAccessorImpl.java:62)
	at java.base/jdk.internal.reflect.DelegatingMethodAccessorImpl.invoke(DelegatingMethodAccessorImpl.java:43)
	at java.base/java.lang.reflect.Method.invoke(Method.java:566)
	at org.springframework.boot.devtools.restart.RestartLauncher.run(RestartLauncher.java:49)
Caused by: org.hibernate.service.spi.ServiceException: Unable to create requested service [org.hibernate.engine.jdbc.env.spi.JdbcEnvironment]
	at org.hibernate.service.internal.AbstractServiceRegistryImpl.createService(AbstractServiceRegistryImpl.java:284)
	at org.hibernate.service.internal.AbstractServiceRegistryImpl.initializeService(AbstractServiceRegistryImpl.java:246)
	at org.hibernate.service.internal.AbstractServiceRegistryImpl.getService(AbstractServiceRegistryImpl.java:223)
	at org.hibernate.id.factory.internal.DefaultIdentifierGeneratorFactory.injectServices(DefaultIdentifierGeneratorFactory.java:175)
	at org.hibernate.service.internal.AbstractServiceRegistryImpl.injectDependencies(AbstractServiceRegistryImpl.java:295)
	at org.hibernate.service.internal.AbstractServiceRegistryImpl.initializeService(AbstractServiceRegistryImpl.java:252)
	at org.hibernate.service.internal.AbstractServiceRegistryImpl.getService(AbstractServiceRegistryImpl.java:223)
	at org.hibernate.boot.internal.InFlightMetadataCollectorImpl.<init>(InFlightMetadataCollectorImpl.java:173)
	at org.hibernate.boot.model.process.spi.MetadataBuildingProcess.complete(MetadataBuildingProcess.java:127)
	at org.hibernate.jpa.boot.internal.EntityManagerFactoryBuilderImpl.metadata(EntityManagerFactoryBuilderImpl.java:1460)
	at org.hibernate.jpa.boot.internal.EntityManagerFactoryBuilderImpl.build(EntityManagerFactoryBuilderImpl.java:1494)
	at org.springframework.orm.jpa.vendor.SpringHibernateJpaPersistenceProvider.createContainerEntityManagerFactory(SpringHibernateJpaPersistenceProvider.java:58)
	at org.springframework.orm.jpa.LocalContainerEntityManagerFactoryBean.createNativeEntityManagerFactory(LocalContainerEntityManagerFactoryBean.java:365)
	at org.springframework.orm.jpa.AbstractEntityManagerFactoryBean.buildNativeEntityManagerFactory(AbstractEntityManagerFactoryBean.java:409)
	at org.springframework.orm.jpa.AbstractEntityManagerFactoryBean.afterPropertiesSet(AbstractEntityManagerFactoryBean.java:396)
	at org.springframework.orm.jpa.LocalContainerEntityManagerFactoryBean.afterPropertiesSet(LocalContainerEntityManagerFactoryBean.java:341)
	at org.springframework.beans.factory.support.AbstractAutowireCapableBeanFactory.invokeInitMethods(AbstractAutowireCapableBeanFactory.java:1863)
	at org.springframework.beans.factory.support.AbstractAutowireCapableBeanFactory.initializeBean(AbstractAutowireCapableBeanFactory.java:1800)
	... 21 common frames omitted
Caused by: org.hibernate.HibernateException: Access to DialectResolutionInfo cannot be null when 'hibernate.dialect' not set
	at org.hibernate.engine.jdbc.dialect.internal.DialectFactoryImpl.determineDialect(DialectFactoryImpl.java:100)
	at org.hibernate.engine.jdbc.dialect.internal.DialectFactoryImpl.buildDialect(DialectFactoryImpl.java:54)
	at org.hibernate.engine.jdbc.env.internal.JdbcEnvironmentInitiator.initiateService(JdbcEnvironmentInitiator.java:138)
	at org.hibernate.engine.jdbc.env.internal.JdbcEnvironmentInitiator.initiateService(JdbcEnvironmentInitiator.java:35)
	at org.hibernate.boot.registry.internal.StandardServiceRegistryImpl.initiateService(StandardServiceRegistryImpl.java:101)
	at org.hibernate.service.internal.AbstractServiceRegistryImpl.createService(AbstractServiceRegistryImpl.java:272)
	... 38 common frames omitted
